Mixed traffic complete: 3450 requests in 25.66s
Report: C:\Users\royan\Programming\Hackathons\Build n buits hackathon\fairdrop\results\local-20261003T220128Z\report.html
{
  "verdict": "Baseline: abuse protection disabled",
  "bot_request_block_pct": 8.17,
  "database_checks": {
    "tickets_by_role": {
      "legit": 181,
      "multi": 15,
      "dup": 1,
      "flood": 3
    },
    "registration_rows": 1120,
    "human_rows": 1000,
    "invalid_challenge_bot_rows": 0,
    "unauthenticated_bot_rows": 0,
    "duplicate_bot_rows": 10,
    "capacity": 200,
    "confirmed_tickets": 200
  }
}
